2026-07-23 12:20:59 [INFO] AnycubicPhotonWorkshop start!
2026-07-23 12:20:59 [INFO] argc:  2
2026-07-23 12:20:59 [WARN] "C:/Program Files/AnycubicPhotonWorkshop"
2026-07-23 12:20:59 [WARN] Successfully init crashpad
2026-07-23 12:20:59 [WARN] Unable to enumerate family ' "Alibaba PuHuiTi 3.0 55 Regular L3" '
2026-07-23 12:20:59 [WARN] Unable to enumerate family ' "Alibaba PuHuiTi 3.0 95 ExtraBold" '
2026-07-23 12:20:59 [INFO] ctk manager plugins:  "C:/Program Files/AnycubicPhotonWorkshop/plugins/"
2026-07-23 12:20:59 [INFO] Load plugin org.commontk.eventadmin success.
2026-07-23 12:20:59 [INFO] [Install Plugin] "C:/Program Files/AnycubicPhotonWorkshop/plugins/splashwindow.dll"
2026-07-23 12:20:59 [INFO] Install Plugin Success!
2026-07-23 12:20:59 [WARN] Unable to enumerate family ' "Alibaba PuHuiTi 3.0 55 Regular L3" '
2026-07-23 12:20:59 [WARN] Unable to enumerate family ' "Alibaba PuHuiTi 3.0 95 ExtraBold" '
2026-07-23 12:21:00 [INFO] [Install Plugin] "C:/Program Files/AnycubicPhotonWorkshop/plugins/printer.dll"
2026-07-23 12:21:00 [INFO] Install Plugin Success!
2026-07-23 12:21:00 [FATAL] readDataFromFile (C:/Program Files/AnycubicPhotonWorkshop/machine_type/Anycubic Photon Mono M7.pwsp) is error.
2026-07-23 12:21:00 [FATAL] loadFactoryMachine factory market Anycubic Photon Mono M7 msg retcode -1, msg retmsg: 
2026-07-23 12:21:00 [WARN] loadMachineResin currentPrinter(Anycubic Photon Mono 2) init success.
2026-07-23 12:21:00 [INFO] loadMachineParamRange is success.
2026-07-23 12:21:00 [INFO] loadMachineResinType is success.
2026-07-23 12:21:00 [INFO] loadMachineResinName is success.
2026-07-23 12:21:00 [INFO] [Install Plugin] "C:/Program Files/AnycubicPhotonWorkshop/plugins/mainwindow.dll"
2026-07-23 12:21:00 [INFO] Install Plugin Success!
2026-07-23 12:21:00 [INFO] "current server is testserver. 0"
2026-07-23 12:21:00 [INFO] QVariant(QByteArray, "mqtt.anycubic.com")
2026-07-23 12:21:00 [INFO] QVariant(QByteArray, "mqtt-universe.anycubic.com")
2026-07-23 12:21:00 [INFO] QVariant(QByteArray, "8883")
2026-07-23 12:21:00 [INFO] QVariant(QByteArray, "8883")
2026-07-23 12:21:00 [INFO] "environment_url is https://workbentch.s3.us-east-2.amazonaws.com/workshop/environment.ini"
2026-07-23 12:21:00 [INFO] QmlFactory 0.015 s
2026-07-23 12:21:00 [INFO] [Install Plugin] "C:/Program Files/AnycubicPhotonWorkshop/plugins/autoupdater.dll"
2026-07-23 12:21:00 [INFO] Install Plugin Success!
2026-07-23 12:21:00 [INFO] [Install Plugin] "C:/Program Files/AnycubicPhotonWorkshop/plugins/gareport.dll"
2026-07-23 12:21:00 [INFO] Install Plugin Success!
2026-07-23 12:21:00 [INFO] [Install Plugin] "C:/Program Files/AnycubicPhotonWorkshop/plugins/accloud.dll"
2026-07-23 12:21:00 [INFO] Install Plugin Success!
2026-07-23 12:21:00 [WARN] void __cdecl ACCloudNetRequest::init(void), cn_server = mqtt.anycubic.com, cn_server_port = 8883, en_server = mqtt-universe.anycubic.com, en_server_port = 8883, url = https://cloud-universe.anycubic.com/p/p/workbench/api
2026-07-23 12:21:00 [WARN] CountriesDataModel::setCurrCountryIdn, newCurrCountryIdn = CN
2026-07-23 12:21:00 [WARN] void __cdecl ACCloudNetRequest::getCountries(void)
2026-07-23 12:21:00 [WARN] void __cdecl ACCloudNetRequest::getPrintCtrlCodeReasons(void)
2026-07-23 12:21:00 [WARN] ACCloudManager::ACCloudManager, cloud model, build_time = 2024-04-26 17:28:45, git_brance = feat/casdoor, git_hash = 6b20758, git_commit = 2024-04-26
2026-07-23 12:21:00 [INFO] [Install Plugin] "C:/Program Files/AnycubicPhotonWorkshop/plugins/facegen.dll"
2026-07-23 12:21:00 [INFO] Install Plugin Success!
2026-07-23 12:21:00 [WARN] Translation::changedSystemLanguage, language = 0
2026-07-23 12:21:00 [WARN] register  GizmoController
2026-07-23 12:21:00 [WARN] enableMenuShortcut menushort cut: 0
2026-07-23 12:21:00 [INFO] uiState:  false
2026-07-23 12:21:00 [WARN] enableMenuShortcut menushort cut: 0
2026-07-23 12:21:00 [WARN] QFSFileEngine::open: No file name specified
2026-07-23 12:21:00 [WARN] Cannot open file '', because: No file name specified
2026-07-23 12:21:00 [WARN] QFSFileEngine::open: No file name specified
2026-07-23 12:21:00 [WARN] Cannot open file '', because: No file name specified
2026-07-23 12:21:00 [WARN] QFSFileEngine::open: No file name specified
2026-07-23 12:21:00 [WARN] Cannot open file '', because: No file name specified
2026-07-23 12:21:00 [WARN] void __cdecl EventMiniHandlerCallback::event(const struct ReasonResponse *,unsigned int)
2026-07-23 12:21:00 [WARN] QFSFileEngine::open: No file name specified
2026-07-23 12:21:00 [WARN] Cannot open file '', because: No file name specified
2026-07-23 12:21:00 [WARN] QFSFileEngine::open: No file name specified
2026-07-23 12:21:00 [WARN] Cannot open file '', because: No file name specified
2026-07-23 12:21:00 [WARN] QFSFileEngine::open: No file name specified
2026-07-23 12:21:00 [WARN] Cannot open file '', because: No file name specified
2026-07-23 12:21:00 [WARN] QFSFileEngine::open: No file name specified
2026-07-23 12:21:00 [WARN] Cannot open file '', because: No file name specified
2026-07-23 12:21:00 [WARN] QFSFileEngine::open: No file name specified
2026-07-23 12:21:00 [WARN] Cannot open file '', because: No file name specified
2026-07-23 12:21:00 [WARN] xChanged 1
2026-07-23 12:21:00 [INFO] event:  "splash_window_visible" data:  QVariant(bool, false) extentionData:  QVariant(Invalid)
2026-07-23 12:21:00 [INFO] event:  "main_load" data:  QVariant(Invalid) extentionData:  QVariant(Invalid)
2026-07-23 12:21:00 [INFO] event:  "main_language_changed" data:  QVariant(int, 0) extentionData:  QVariant(Invalid)
2026-07-23 12:21:00 [WARN] void __cdecl PrintersDataModel::onReasonResponse(const struct ReasonResponse *,int)
count = 133
2026-07-23 12:21:00 [INFO] uiState:  true
2026-07-23 12:21:00 [WARN] creating renderer
2026-07-23 12:21:00 [WARN] printer valid --:  71.68 44.55
2026-07-23 12:21:00 [WARN] printer build --:  71.68 44.8
2026-07-23 12:21:00 [WARN] deltaX -- :  0
2026-07-23 12:21:00 [WARN] deltaY -- :  0.25
2026-07-23 12:21:00 [WARN] machine boarder width 1--------------------  0 0.25
2026-07-23 12:21:00 [WARN] create planar shadow node
2026-07-23 12:21:00 [WARN] loadGizmoRotationHead OK 576
2026-07-23 12:21:00 [INFO]  camera_manipulator::home
2026-07-23 12:21:00 [INFO]  camera_manipulator::home/ComputeBound
2026-07-23 12:21:00 [INFO]  camera_manipulator::home
2026-07-23 12:21:00 [INFO]  camera_manipulator::home/ComputeBound
2026-07-23 12:21:00 [INFO]  camera_manipulator::home/BoundingSphere
2026-07-23 12:21:00 [INFO]  camera_manipulator::home/udpate_view
2026-07-23 12:21:01 [WARN] GL Verison:  0x206be5f9ad8
2026-07-23 12:21:01 [WARN] GL Renderer:  0x206b5585458
2026-07-23 12:21:01 [WARN] compile shader program ok
2026-07-23 12:21:01 [WARN] compile shader program ok
2026-07-23 12:21:01 [WARN] compile shader program ok
2026-07-23 12:21:01 [WARN] AnyGizmos::Im3d_Init      LoadCompileShader Ok
2026-07-23 12:21:01 [WARN] AnyGizmos::Im3d_Init   VAO release Ok
2026-07-23 12:21:01 [WARN] QFSFileEngine::open: No file name specified
2026-07-23 12:21:01 [WARN] Cannot open file '', because: No file name specified
2026-07-23 12:21:01 [WARN] QFSFileEngine::open: No file name specified
2026-07-23 12:21:01 [WARN] Cannot open file '', because: No file name specified
2026-07-23 12:21:01 [INFO] event:  "updater_init_compeleted" data:  QVariant(Invalid) extentionData:  QVariant(Invalid)
2026-07-23 12:21:01 [WARN] QFSFileEngine::open: No file name specified
2026-07-23 12:21:01 [WARN] Cannot open file '', because: No file name specified
2026-07-23 12:21:01 [WARN] QFSFileEngine::open: No file name specified
2026-07-23 12:21:01 [WARN] Cannot open file '', because: No file name specified
2026-07-23 12:21:01 [WARN] void __cdecl ACCloudNetRequest::getCountries(void)
2026-07-23 12:21:01 [WARN] void __cdecl ACCloudNetRequest::getPrintCtrlCodeReasons(void)
2026-07-23 12:21:01 [INFO] event:  "accloud_start_init" data:  QVariant(int, 0) extentionData:  QVariant(int, 0)
2026-07-23 12:21:01 [INFO] parseImportFiles model files: S:\Spiele\Voxelhaven\Assets\COmpagnion.vox.obj
2026-07-23 12:21:01 [INFO] parseImportFiles model files: S:\Spiele\Voxelhaven\Assets\COmpagnion.vox.obj
2026-07-23 12:21:01 [WARN]  - 1 ImportFilesDialog, importModelFiles file = S:\Spiele\Voxelhaven\Assets\COmpagnion.vox.obj, modelQualityChecked = true
2026-07-23 12:21:01 [INFO] "start check autoUpdater!"
2026-07-23 12:21:01 [WARN] -slot_closeGizmoWhenLoadModel
2026-07-23 12:21:01 [INFO] event:  "updater_check" data:  QVariant(Invalid) extentionData:  QVariant(Invalid)
2026-07-23 12:21:01 [INFO] send post data success!
2026-07-23 12:21:01 [INFO] sendData:  "{\n    \"appName\": \"AnycubicPhotonWorkshop_V3.3.2\",\n    \"appVersion\": \"v3.3.2\",\n    \"business\": \"\",\n    \"city\": \"0\",\n    \"country\": \"\xE5\xBE\xB7\xE5\x9B\xBD\",\n    \"elementContent\": \"\",\n    \"elementType\": \"\",\n    \"eventName\": \"AppStart\",\n    \"function\": \"\",\n    \"isOverseasVersion\": true,\n    \"module\": \"\",\n    \"pcId\": \"8835b64f2d7650217b75e69c3a434cf1\",\n    \"printerType\": \"\",\n    \"province\": \"Niedersachsen\",\n    \"timestamp\": 1784802061,\n    \"title\": \"\",\n    \"userId\": 0\n}\n"
2026-07-23 12:21:01 [WARN] QFSFileEngine::open: No file name specified
2026-07-23 12:21:01 [WARN] Cannot open file '', because: No file name specified
2026-07-23 12:21:01 [WARN] QFSFileEngine::open: No file name specified
2026-07-23 12:21:01 [WARN] Cannot open file '', because: No file name specified
2026-07-23 12:21:01 [WARN] QFSFileEngine::open: No file name specified
2026-07-23 12:21:01 [WARN] Cannot open file '', because: No file name specified
2026-07-23 12:21:01 [WARN] QFSFileEngine::open: No file name specified
2026-07-23 12:21:01 [WARN] Cannot open file '', because: No file name specified
2026-07-23 12:21:01 [WARN] QFSFileEngine::open: No file name specified
2026-07-23 12:21:01 [WARN] Cannot open file '', because: No file name specified
2026-07-23 12:21:01 [WARN] QFSFileEngine::open: No file name specified
2026-07-23 12:21:01 [WARN] Cannot open file '', because: No file name specified
2026-07-23 12:21:01 [WARN] QFSFileEngine::open: No file name specified
2026-07-23 12:21:01 [WARN] Cannot open file '', because: No file name specified
2026-07-23 12:21:01 [WARN] QFSFileEngine::open: No file name specified
2026-07-23 12:21:01 [WARN] Cannot open file '', because: No file name specified
2026-07-23 12:21:01 [WARN] QFSFileEngine::open: No file name specified
2026-07-23 12:21:01 [WARN] Cannot open file '', because: No file name specified
2026-07-23 12:21:01 [WARN] QFSFileEngine::open: No file name specified
2026-07-23 12:21:01 [WARN] Cannot open file '', because: No file name specified
2026-07-23 12:21:01 [WARN] QFSFileEngine::open: No file name specified
2026-07-23 12:21:01 [WARN] Cannot open file '', because: No file name specified
2026-07-23 12:21:01 [WARN] QFSFileEngine::open: No file name specified
2026-07-23 12:21:01 [WARN] Cannot open file '', because: No file name specified
2026-07-23 12:21:01 [WARN] QFSFileEngine::open: No file name specified
2026-07-23 12:21:01 [WARN] Cannot open file '', because: No file name specified
2026-07-23 12:21:01 [WARN] QFSFileEngine::open: No file name specified
2026-07-23 12:21:01 [WARN] Cannot open file '', because: No file name specified
2026-07-23 12:21:01 [WARN] QFSFileEngine::open: No file name specified
2026-07-23 12:21:01 [WARN] Cannot open file '', because: No file name specified
2026-07-23 12:21:01 [WARN] QFSFileEngine::open: No file name specified
2026-07-23 12:21:01 [WARN] Cannot open file '', because: No file name specified
2026-07-23 12:21:01 [WARN] QFSFileEngine::open: No file name specified
2026-07-23 12:21:01 [WARN] Cannot open file '', because: No file name specified
2026-07-23 12:21:01 [WARN] QFSFileEngine::open: No file name specified
2026-07-23 12:21:01 [WARN] Cannot open file '', because: No file name specified
2026-07-23 12:21:01 [WARN] QFSFileEngine::open: No file name specified
2026-07-23 12:21:01 [WARN] Cannot open file '', because: No file name specified
2026-07-23 12:21:01 [WARN] QFSFileEngine::open: No file name specified
2026-07-23 12:21:01 [WARN] Cannot open file '', because: No file name specified
2026-07-23 12:21:01 [WARN] QFSFileEngine::open: No file name specified
2026-07-23 12:21:01 [WARN] Cannot open file '', because: No file name specified
2026-07-23 12:21:01 [WARN] QFSFileEngine::open: No file name specified
2026-07-23 12:21:01 [WARN] Cannot open file '', because: No file name specified
2026-07-23 12:21:01 [WARN] QFSFileEngine::open: No file name specified
2026-07-23 12:21:01 [WARN] Cannot open file '', because: No file name specified
2026-07-23 12:21:01 [WARN] QFSFileEngine::open: No file name specified
2026-07-23 12:21:01 [WARN] Cannot open file '', because: No file name specified
2026-07-23 12:21:01 [WARN] QFSFileEngine::open: No file name specified
2026-07-23 12:21:01 [WARN] Cannot open file '', because: No file name specified
2026-07-23 12:21:01 [WARN] QFSFileEngine::open: No file name specified
2026-07-23 12:21:01 [WARN] Cannot open file '', because: No file name specified
2026-07-23 12:21:01 [INFO] uiState:  false
2026-07-23 12:21:01 [WARN] enableMenuShortcut menushort cut: 8
2026-07-23 12:21:01 [INFO] uiState:  true
2026-07-23 12:21:01 [WARN] enableMenuShortcut menushort cut: 0
2026-07-23 12:21:01 [INFO] "doReportImportModelResult!"
2026-07-23 12:21:01 [INFO] event:  "ga_report" data:  QVariant(QByteArray, "{\n    \"business\": \"model_prepare\",\n    \"elementContent\": \"Import Files\",\n    \"elementType\": \"BUTTON\",\n    \"event\": \"ImportModelResult\",\n    \"function\": \"import_model\",\n    \"module\": \"menu_bar\",\n    \"printerType\": \"LCD\",\n    \"title\": \"\"\n}\n") extentionData:  QVariant(QByteArray, "{\n    \"importType\": \"4\",\n    \"modelInformation\": [\n        {\n            \"fileName\": \"COmpagnion.vox\",\n            \"fileSize\": 364813,\n            \"fileType\": \"obj\",\n            \"isSuccess\": 0\n        }\n    ],\n    \"numberOfModel\": 1\n}\n")
2026-07-23 12:21:01 [WARN] gizmo emit sceneModelChanged
2026-07-23 12:21:01 [WARN] ctrl_select IS_PROPERTY_SELECTED1  true 1
2026-07-23 12:21:01 [INFO] uiState:  false
2026-07-23 12:21:01 [WARN] enableMenuShortcut menushort cut: 8
2026-07-23 12:21:01 [INFO] uiState:  true
2026-07-23 12:21:01 [WARN] enableMenuShortcut menushort cut: 0
2026-07-23 12:21:01 [INFO] uiState:  false
2026-07-23 12:21:01 [WARN] enableMenuShortcut menushort cut: 8
2026-07-23 12:21:01 [INFO] uiState:  true
2026-07-23 12:21:01 [WARN] enableMenuShortcut menushort cut: 0
2026-07-23 12:21:01 [INFO] "doReadMachineLcd setMachine Anycubic Photon Mono 2"
2026-07-23 12:21:01 [INFO] sendData:  "{\n    \"appName\": \"AnycubicPhotonWorkshop_V3.3.2\",\n    \"appVersion\": \"v3.3.2\",\n    \"business\": \"\",\n    \"city\": \"0\",\n    \"country\": \"\xE5\xBE\xB7\xE5\x9B\xBD\",\n    \"elementContent\": \"\",\n    \"elementType\": \"\",\n    \"eventName\": \"ImportModelResult\",\n    \"function\": \"\",\n    \"isOverseasVersion\": true,\n    \"module\": \"\",\n    \"pcId\": \"8835b64f2d7650217b75e69c3a434cf1\",\n    \"printerType\": \"\",\n    \"province\": \"Niedersachsen\",\n    \"timestamp\": 1784802061,\n    \"title\": \"\",\n    \"userId\": 0\n}\n"
2026-07-23 12:21:01 [INFO] get_model_height() osg_model_group
2026-07-23 12:21:01 [WARN] void __cdecl EventMiniHandlerCallback::event(const struct ReasonResponse *,unsigned int)
2026-07-23 12:21:01 [WARN] void __cdecl PrintersDataModel::onReasonResponse(const struct ReasonResponse *,int)
count = 133
2026-07-23 12:21:01 [INFO] scene modifyed:  true
2026-07-23 12:21:01 [WARN] QFSFileEngine::open: No file name specified
2026-07-23 12:21:01 [WARN] Cannot open file '', because: No file name specified
2026-07-23 12:21:01 [INFO] uiState:  false
2026-07-23 12:21:01 [INFO] send post data success!
2026-07-23 12:21:02 [INFO] send post data success!
2026-07-23 12:21:02 [INFO] uiState:  true
2026-07-23 12:21:02 [INFO] save support file is success!
2026-07-23 12:21:03 [INFO] AnycubicPhotonWorkshop end!
2026-07-23 12:21:03 [WARN] QThreadStorage: Thread 0x206b2fb3060 exited after QThreadStorage 7 destroyed
2026-07-23 12:25:51 [INFO] AnycubicPhotonWorkshop start!
2026-07-23 12:25:51 [INFO] argc:  2
2026-07-23 12:25:51 [WARN] "C:/Program Files/AnycubicPhotonWorkshop"
2026-07-23 12:25:51 [WARN] Successfully init crashpad
2026-07-23 12:25:51 [WARN] Unable to enumerate family ' "Alibaba PuHuiTi 3.0 55 Regular L3" '
2026-07-23 12:25:51 [WARN] Unable to enumerate family ' "Alibaba PuHuiTi 3.0 95 ExtraBold" '
2026-07-23 12:25:51 [INFO] ctk manager plugins:  "C:/Program Files/AnycubicPhotonWorkshop/plugins/"
2026-07-23 12:25:51 [INFO] Load plugin org.commontk.eventadmin success.
2026-07-23 12:25:51 [INFO] [Install Plugin] "C:/Program Files/AnycubicPhotonWorkshop/plugins/splashwindow.dll"
2026-07-23 12:25:51 [INFO] Install Plugin Success!
2026-07-23 12:25:51 [WARN] Unable to enumerate family ' "Alibaba PuHuiTi 3.0 55 Regular L3" '
2026-07-23 12:25:51 [WARN] Unable to enumerate family ' "Alibaba PuHuiTi 3.0 95 ExtraBold" '
2026-07-23 12:25:51 [INFO] [Install Plugin] "C:/Program Files/AnycubicPhotonWorkshop/plugins/printer.dll"
2026-07-23 12:25:51 [INFO] Install Plugin Success!
2026-07-23 12:25:51 [FATAL] readDataFromFile (C:/Program Files/AnycubicPhotonWorkshop/machine_type/Anycubic Photon Mono M7.pwsp) is error.
2026-07-23 12:25:51 [FATAL] loadFactoryMachine factory market Anycubic Photon Mono M7 msg retcode -1, msg retmsg: 
2026-07-23 12:25:51 [WARN] loadMachineResin currentPrinter(Anycubic Photon Mono 2) init success.
2026-07-23 12:25:51 [INFO] loadMachineParamRange is success.
2026-07-23 12:25:51 [INFO] loadMachineResinType is success.
2026-07-23 12:25:51 [INFO] loadMachineResinName is success.
2026-07-23 12:25:51 [INFO] [Install Plugin] "C:/Program Files/AnycubicPhotonWorkshop/plugins/mainwindow.dll"
2026-07-23 12:25:51 [INFO] Install Plugin Success!
2026-07-23 12:25:51 [INFO] "current server is testserver. 0"
2026-07-23 12:25:51 [INFO] QVariant(QByteArray, "mqtt.anycubic.com")
2026-07-23 12:25:51 [INFO] QVariant(QByteArray, "mqtt-universe.anycubic.com")
2026-07-23 12:25:51 [INFO] QVariant(QByteArray, "8883")
2026-07-23 12:25:51 [INFO] QVariant(QByteArray, "8883")
2026-07-23 12:25:51 [INFO] "environment_url is https://workbentch.s3.us-east-2.amazonaws.com/workshop/environment.ini"
2026-07-23 12:25:52 [INFO] QmlFactory 0.015 s
2026-07-23 12:25:52 [INFO] [Install Plugin] "C:/Program Files/AnycubicPhotonWorkshop/plugins/autoupdater.dll"
2026-07-23 12:25:52 [INFO] Install Plugin Success!
2026-07-23 12:25:52 [INFO] [Install Plugin] "C:/Program Files/AnycubicPhotonWorkshop/plugins/gareport.dll"
2026-07-23 12:25:52 [INFO] Install Plugin Success!
2026-07-23 12:25:52 [INFO] [Install Plugin] "C:/Program Files/AnycubicPhotonWorkshop/plugins/accloud.dll"
2026-07-23 12:25:52 [INFO] Install Plugin Success!
2026-07-23 12:25:52 [WARN] void __cdecl ACCloudNetRequest::init(void), cn_server = mqtt.anycubic.com, cn_server_port = 8883, en_server = mqtt-universe.anycubic.com, en_server_port = 8883, url = https://cloud-universe.anycubic.com/p/p/workbench/api
2026-07-23 12:25:52 [WARN] CountriesDataModel::setCurrCountryIdn, newCurrCountryIdn = CN
2026-07-23 12:25:52 [WARN] void __cdecl ACCloudNetRequest::getCountries(void)
2026-07-23 12:25:52 [WARN] void __cdecl ACCloudNetRequest::getPrintCtrlCodeReasons(void)
2026-07-23 12:25:52 [WARN] ACCloudManager::ACCloudManager, cloud model, build_time = 2024-04-26 17:28:45, git_brance = feat/casdoor, git_hash = 6b20758, git_commit = 2024-04-26
2026-07-23 12:25:52 [INFO] [Install Plugin] "C:/Program Files/AnycubicPhotonWorkshop/plugins/facegen.dll"
2026-07-23 12:25:52 [INFO] Install Plugin Success!
2026-07-23 12:25:52 [WARN] Translation::changedSystemLanguage, language = 0
2026-07-23 12:25:52 [WARN] register  GizmoController
2026-07-23 12:25:52 [WARN] enableMenuShortcut menushort cut: 0
2026-07-23 12:25:52 [INFO] uiState:  false
2026-07-23 12:25:52 [WARN] enableMenuShortcut menushort cut: 0
2026-07-23 12:25:52 [WARN] void __cdecl EventMiniHandlerCallback::event(const struct ReasonResponse *,unsigned int)
2026-07-23 12:25:52 [WARN] QFSFileEngine::open: No file name specified
2026-07-23 12:25:52 [WARN] Cannot open file '', because: No file name specified
2026-07-23 12:25:52 [WARN] QFSFileEngine::open: No file name specified
2026-07-23 12:25:52 [WARN] Cannot open file '', because: No file name specified
2026-07-23 12:25:52 [WARN] QFSFileEngine::open: No file name specified
2026-07-23 12:25:52 [WARN] Cannot open file '', because: No file name specified
2026-07-23 12:25:52 [WARN] QFSFileEngine::open: No file name specified
2026-07-23 12:25:52 [WARN] Cannot open file '', because: No file name specified
2026-07-23 12:25:52 [WARN] QFSFileEngine::open: No file name specified
2026-07-23 12:25:52 [WARN] Cannot open file '', because: No file name specified
2026-07-23 12:25:52 [WARN] QFSFileEngine::open: No file name specified
2026-07-23 12:25:52 [WARN] Cannot open file '', because: No file name specified
2026-07-23 12:25:52 [WARN] QFSFileEngine::open: No file name specified
2026-07-23 12:25:52 [WARN] Cannot open file '', because: No file name specified
2026-07-23 12:25:52 [WARN] QFSFileEngine::open: No file name specified
2026-07-23 12:25:52 [WARN] Cannot open file '', because: No file name specified
2026-07-23 12:25:52 [WARN] xChanged 1
2026-07-23 12:25:52 [INFO] event:  "splash_window_visible" data:  QVariant(bool, false) extentionData:  QVariant(Invalid)
2026-07-23 12:25:52 [INFO] event:  "main_load" data:  QVariant(Invalid) extentionData:  QVariant(Invalid)
2026-07-23 12:25:52 [INFO] event:  "main_language_changed" data:  QVariant(int, 0) extentionData:  QVariant(Invalid)
2026-07-23 12:25:52 [WARN] void __cdecl PrintersDataModel::onReasonResponse(const struct ReasonResponse *,int)
count = 133
2026-07-23 12:25:52 [INFO] uiState:  true
2026-07-23 12:25:52 [WARN] creating renderer
2026-07-23 12:25:52 [WARN] printer valid --:  71.68 44.55
2026-07-23 12:25:52 [WARN] printer build --:  71.68 44.8
2026-07-23 12:25:52 [WARN] deltaX -- :  0
2026-07-23 12:25:52 [WARN] deltaY -- :  0.25
2026-07-23 12:25:52 [WARN] machine boarder width 1--------------------  0 0.25
2026-07-23 12:25:52 [WARN] create planar shadow node
2026-07-23 12:25:52 [WARN] loadGizmoRotationHead OK 576
2026-07-23 12:25:52 [INFO]  camera_manipulator::home
2026-07-23 12:25:52 [INFO]  camera_manipulator::home/ComputeBound
2026-07-23 12:25:52 [INFO]  camera_manipulator::home
2026-07-23 12:25:52 [INFO]  camera_manipulator::home/ComputeBound
2026-07-23 12:25:52 [INFO]  camera_manipulator::home/BoundingSphere
2026-07-23 12:25:52 [INFO]  camera_manipulator::home/udpate_view
2026-07-23 12:25:52 [WARN] GL Verison:  0x1f8f65e7078
2026-07-23 12:25:52 [WARN] GL Renderer:  0x1f8eaee5ad8
2026-07-23 12:25:52 [WARN] compile shader program ok
2026-07-23 12:25:52 [WARN] compile shader program ok
2026-07-23 12:25:52 [WARN] compile shader program ok
2026-07-23 12:25:52 [WARN] AnyGizmos::Im3d_Init      LoadCompileShader Ok
2026-07-23 12:25:52 [WARN] AnyGizmos::Im3d_Init   VAO release Ok
2026-07-23 12:25:52 [WARN] QFSFileEngine::open: No file name specified
2026-07-23 12:25:52 [WARN] Cannot open file '', because: No file name specified
2026-07-23 12:25:52 [WARN] QFSFileEngine::open: No file name specified
2026-07-23 12:25:52 [WARN] Cannot open file '', because: No file name specified
2026-07-23 12:25:52 [INFO] event:  "updater_init_compeleted" data:  QVariant(Invalid) extentionData:  QVariant(Invalid)
2026-07-23 12:25:53 [WARN] QFSFileEngine::open: No file name specified
2026-07-23 12:25:53 [WARN] Cannot open file '', because: No file name specified
2026-07-23 12:25:53 [WARN] QFSFileEngine::open: No file name specified
2026-07-23 12:25:53 [WARN] Cannot open file '', because: No file name specified
2026-07-23 12:25:53 [WARN] void __cdecl ACCloudNetRequest::getCountries(void)
2026-07-23 12:25:53 [WARN] void __cdecl ACCloudNetRequest::getPrintCtrlCodeReasons(void)
2026-07-23 12:25:53 [INFO] event:  "accloud_start_init" data:  QVariant(int, 0) extentionData:  QVariant(int, 0)
2026-07-23 12:25:53 [INFO] parseImportFiles model files: S:\Spiele\Voxelhaven\Assets\COmpagnion.obj
2026-07-23 12:25:53 [INFO] parseImportFiles model files: S:\Spiele\Voxelhaven\Assets\COmpagnion.obj
2026-07-23 12:25:53 [WARN]  - 1 ImportFilesDialog, importModelFiles file = S:\Spiele\Voxelhaven\Assets\COmpagnion.obj, modelQualityChecked = true
2026-07-23 12:25:53 [INFO] "start check autoUpdater!"
2026-07-23 12:25:53 [WARN] -slot_closeGizmoWhenLoadModel
2026-07-23 12:25:53 [INFO] event:  "updater_check" data:  QVariant(Invalid) extentionData:  QVariant(Invalid)
2026-07-23 12:25:53 [INFO] send post data success!
2026-07-23 12:25:53 [INFO] sendData:  "{\n    \"appName\": \"AnycubicPhotonWorkshop_V3.3.2\",\n    \"appVersion\": \"v3.3.2\",\n    \"business\": \"\",\n    \"city\": \"0\",\n    \"country\": \"\xE5\xBE\xB7\xE5\x9B\xBD\",\n    \"elementContent\": \"\",\n    \"elementType\": \"\",\n    \"eventName\": \"AppStart\",\n    \"function\": \"\",\n    \"isOverseasVersion\": true,\n    \"module\": \"\",\n    \"pcId\": \"8835b64f2d7650217b75e69c3a434cf1\",\n    \"printerType\": \"\",\n    \"province\": \"Niedersachsen\",\n    \"timestamp\": 1784802353,\n    \"title\": \"\",\n    \"userId\": 0\n}\n"
2026-07-23 12:25:53 [WARN] QFSFileEngine::open: No file name specified
2026-07-23 12:25:53 [WARN] Cannot open file '', because: No file name specified
2026-07-23 12:25:53 [WARN] QFSFileEngine::open: No file name specified
2026-07-23 12:25:53 [WARN] Cannot open file '', because: No file name specified
2026-07-23 12:25:53 [WARN] QFSFileEngine::open: No file name specified
2026-07-23 12:25:53 [WARN] Cannot open file '', because: No file name specified
2026-07-23 12:25:53 [WARN] QFSFileEngine::open: No file name specified
2026-07-23 12:25:53 [WARN] Cannot open file '', because: No file name specified
2026-07-23 12:25:53 [WARN] QFSFileEngine::open: No file name specified
2026-07-23 12:25:53 [WARN] Cannot open file '', because: No file name specified
2026-07-23 12:25:53 [WARN] QFSFileEngine::open: No file name specified
2026-07-23 12:25:53 [WARN] Cannot open file '', because: No file name specified
2026-07-23 12:25:53 [WARN] QFSFileEngine::open: No file name specified
2026-07-23 12:25:53 [WARN] Cannot open file '', because: No file name specified
2026-07-23 12:25:53 [WARN] QFSFileEngine::open: No file name specified
2026-07-23 12:25:53 [WARN] Cannot open file '', because: No file name specified
2026-07-23 12:25:53 [WARN] QFSFileEngine::open: No file name specified
2026-07-23 12:25:53 [WARN] Cannot open file '', because: No file name specified
2026-07-23 12:25:53 [WARN] QFSFileEngine::open: No file name specified
2026-07-23 12:25:53 [WARN] Cannot open file '', because: No file name specified
2026-07-23 12:25:53 [WARN] QFSFileEngine::open: No file name specified
2026-07-23 12:25:53 [WARN] Cannot open file '', because: No file name specified
2026-07-23 12:25:53 [WARN] QFSFileEngine::open: No file name specified
2026-07-23 12:25:53 [WARN] Cannot open file '', because: No file name specified
2026-07-23 12:25:53 [WARN] QFSFileEngine::open: No file name specified
2026-07-23 12:25:53 [WARN] Cannot open file '', because: No file name specified
2026-07-23 12:25:53 [WARN] QFSFileEngine::open: No file name specified
2026-07-23 12:25:53 [WARN] Cannot open file '', because: No file name specified
2026-07-23 12:25:53 [WARN] QFSFileEngine::open: No file name specified
2026-07-23 12:25:53 [WARN] Cannot open file '', because: No file name specified
2026-07-23 12:25:53 [WARN] QFSFileEngine::open: No file name specified
2026-07-23 12:25:53 [WARN] Cannot open file '', because: No file name specified
2026-07-23 12:25:53 [WARN] QFSFileEngine::open: No file name specified
2026-07-23 12:25:53 [WARN] Cannot open file '', because: No file name specified
2026-07-23 12:25:53 [WARN] QFSFileEngine::open: No file name specified
2026-07-23 12:25:53 [WARN] Cannot open file '', because: No file name specified
2026-07-23 12:25:53 [WARN] QFSFileEngine::open: No file name specified
2026-07-23 12:25:53 [WARN] Cannot open file '', because: No file name specified
2026-07-23 12:25:53 [WARN] QFSFileEngine::open: No file name specified
2026-07-23 12:25:53 [WARN] Cannot open file '', because: No file name specified
2026-07-23 12:25:53 [WARN] QFSFileEngine::open: No file name specified
2026-07-23 12:25:53 [WARN] Cannot open file '', because: No file name specified
2026-07-23 12:25:53 [WARN] QFSFileEngine::open: No file name specified
2026-07-23 12:25:53 [WARN] Cannot open file '', because: No file name specified
2026-07-23 12:25:53 [WARN] QFSFileEngine::open: No file name specified
2026-07-23 12:25:53 [WARN] Cannot open file '', because: No file name specified
2026-07-23 12:25:53 [WARN] QFSFileEngine::open: No file name specified
2026-07-23 12:25:53 [WARN] Cannot open file '', because: No file name specified
2026-07-23 12:25:53 [WARN] QFSFileEngine::open: No file name specified
2026-07-23 12:25:53 [WARN] Cannot open file '', because: No file name specified
2026-07-23 12:25:53 [WARN] QFSFileEngine::open: No file name specified
2026-07-23 12:25:53 [WARN] Cannot open file '', because: No file name specified
2026-07-23 12:25:53 [INFO] uiState:  false
2026-07-23 12:25:53 [WARN] enableMenuShortcut menushort cut: 8
2026-07-23 12:25:53 [WARN] void __cdecl EventMiniHandlerCallback::event(const struct ReasonResponse *,unsigned int)
2026-07-23 12:25:53 [INFO] uiState:  true
2026-07-23 12:25:53 [WARN] enableMenuShortcut menushort cut: 0
2026-07-23 12:25:53 [INFO] "doReportImportModelResult!"
2026-07-23 12:25:53 [INFO] event:  "ga_report" data:  QVariant(QByteArray, "{\n    \"business\": \"model_prepare\",\n    \"elementContent\": \"Import Files\",\n    \"elementType\": \"BUTTON\",\n    \"event\": \"ImportModelResult\",\n    \"function\": \"import_model\",\n    \"module\": \"menu_bar\",\n    \"printerType\": \"LCD\",\n    \"title\": \"\"\n}\n") extentionData:  QVariant(QByteArray, "{\n    \"importType\": \"4\",\n    \"modelInformation\": [\n        {\n            \"fileName\": \"COmpagnion\",\n            \"fileSize\": 364813,\n            \"fileType\": \"obj\",\n            \"isSuccess\": 0\n        }\n    ],\n    \"numberOfModel\": 1\n}\n")
2026-07-23 12:25:53 [WARN] gizmo emit sceneModelChanged
2026-07-23 12:25:53 [WARN] void __cdecl PrintersDataModel::onReasonResponse(const struct ReasonResponse *,int)
count = 133
2026-07-23 12:25:53 [INFO] uiState:  false
2026-07-23 12:25:53 [WARN] enableMenuShortcut menushort cut: 8
2026-07-23 12:25:53 [INFO] uiState:  true
2026-07-23 12:25:53 [WARN] enableMenuShortcut menushort cut: 0
2026-07-23 12:25:53 [INFO] uiState:  false
2026-07-23 12:25:53 [WARN] enableMenuShortcut menushort cut: 8
2026-07-23 12:25:53 [INFO] uiState:  true
2026-07-23 12:25:53 [WARN] enableMenuShortcut menushort cut: 0
2026-07-23 12:25:53 [INFO] "doReadMachineLcd setMachine Anycubic Photon Mono 2"
2026-07-23 12:25:53 [WARN] ctrl_select IS_PROPERTY_SELECTED1  true 1
2026-07-23 12:25:53 [INFO] sendData:  "{\n    \"appName\": \"AnycubicPhotonWorkshop_V3.3.2\",\n    \"appVersion\": \"v3.3.2\",\n    \"business\": \"\",\n    \"city\": \"0\",\n    \"country\": \"\xE5\xBE\xB7\xE5\x9B\xBD\",\n    \"elementContent\": \"\",\n    \"elementType\": \"\",\n    \"eventName\": \"ImportModelResult\",\n    \"function\": \"\",\n    \"isOverseasVersion\": true,\n    \"module\": \"\",\n    \"pcId\": \"8835b64f2d7650217b75e69c3a434cf1\",\n    \"printerType\": \"\",\n    \"province\": \"Niedersachsen\",\n    \"timestamp\": 1784802353,\n    \"title\": \"\",\n    \"userId\": 0\n}\n"
2026-07-23 12:25:53 [INFO] get_model_height() osg_model_group
2026-07-23 12:25:53 [INFO] scene modifyed:  true
2026-07-23 12:25:53 [WARN] QFSFileEngine::open: No file name specified
2026-07-23 12:25:53 [WARN] Cannot open file '', because: No file name specified
2026-07-23 12:25:53 [INFO] uiState:  false
2026-07-23 12:25:53 [INFO] send post data success!
2026-07-23 12:25:54 [INFO] send post data success!
2026-07-23 12:25:54 [INFO] uiState:  true
2026-07-23 12:25:54 [INFO] save support file is success!
2026-07-23 12:25:55 [INFO] AnycubicPhotonWorkshop end!
2026-07-23 12:25:55 [WARN] QThreadStorage: Thread 0x1f8eaf01750 exited after QThreadStorage 7 destroyed
2026-07-23 12:32:19 [INFO] AnycubicPhotonWorkshop start!
2026-07-23 12:32:19 [INFO] argc:  2
2026-07-23 12:32:19 [WARN] "C:/Program Files/AnycubicPhotonWorkshop"
2026-07-23 12:32:19 [WARN] Successfully init crashpad
2026-07-23 12:32:19 [WARN] Unable to enumerate family ' "Alibaba PuHuiTi 3.0 55 Regular L3" '
2026-07-23 12:32:19 [WARN] Unable to enumerate family ' "Alibaba PuHuiTi 3.0 95 ExtraBold" '
2026-07-23 12:32:19 [INFO] ctk manager plugins:  "C:/Program Files/AnycubicPhotonWorkshop/plugins/"
2026-07-23 12:32:19 [INFO] Load plugin org.commontk.eventadmin success.
2026-07-23 12:32:19 [INFO] [Install Plugin] "C:/Program Files/AnycubicPhotonWorkshop/plugins/splashwindow.dll"
2026-07-23 12:32:19 [INFO] Install Plugin Success!
2026-07-23 12:32:19 [WARN] Unable to enumerate family ' "Alibaba PuHuiTi 3.0 55 Regular L3" '
2026-07-23 12:32:19 [WARN] Unable to enumerate family ' "Alibaba PuHuiTi 3.0 95 ExtraBold" '
2026-07-23 12:32:20 [INFO] [Install Plugin] "C:/Program Files/AnycubicPhotonWorkshop/plugins/printer.dll"
2026-07-23 12:32:20 [INFO] Install Plugin Success!
2026-07-23 12:32:20 [FATAL] readDataFromFile (C:/Program Files/AnycubicPhotonWorkshop/machine_type/Anycubic Photon Mono M7.pwsp) is error.
2026-07-23 12:32:20 [FATAL] loadFactoryMachine factory market Anycubic Photon Mono M7 msg retcode -1, msg retmsg: 
2026-07-23 12:32:20 [WARN] loadMachineResin currentPrinter(Anycubic Photon Mono 2) init success.
2026-07-23 12:32:20 [INFO] loadMachineParamRange is success.
2026-07-23 12:32:20 [INFO] loadMachineResinType is success.
2026-07-23 12:32:20 [INFO] loadMachineResinName is success.
2026-07-23 12:32:20 [INFO] [Install Plugin] "C:/Program Files/AnycubicPhotonWorkshop/plugins/mainwindow.dll"
2026-07-23 12:32:20 [INFO] Install Plugin Success!
2026-07-23 12:32:20 [INFO] "current server is testserver. 0"
2026-07-23 12:32:20 [INFO] QVariant(QByteArray, "mqtt.anycubic.com")
2026-07-23 12:32:20 [INFO] QVariant(QByteArray, "mqtt-universe.anycubic.com")
2026-07-23 12:32:20 [INFO] QVariant(QByteArray, "8883")
2026-07-23 12:32:20 [INFO] QVariant(QByteArray, "8883")
2026-07-23 12:32:20 [INFO] "environment_url is https://workbentch.s3.us-east-2.amazonaws.com/workshop/environment.ini"
2026-07-23 12:32:20 [INFO] QmlFactory 0.018 s
2026-07-23 12:32:20 [INFO] [Install Plugin] "C:/Program Files/AnycubicPhotonWorkshop/plugins/autoupdater.dll"
2026-07-23 12:32:20 [INFO] Install Plugin Success!
2026-07-23 12:32:20 [INFO] [Install Plugin] "C:/Program Files/AnycubicPhotonWorkshop/plugins/gareport.dll"
2026-07-23 12:32:20 [INFO] Install Plugin Success!
2026-07-23 12:32:20 [INFO] [Install Plugin] "C:/Program Files/AnycubicPhotonWorkshop/plugins/accloud.dll"
2026-07-23 12:32:20 [INFO] Install Plugin Success!
2026-07-23 12:32:20 [WARN] void __cdecl ACCloudNetRequest::init(void), cn_server = mqtt.anycubic.com, cn_server_port = 8883, en_server = mqtt-universe.anycubic.com, en_server_port = 8883, url = https://cloud-universe.anycubic.com/p/p/workbench/api
2026-07-23 12:32:20 [WARN] CountriesDataModel::setCurrCountryIdn, newCurrCountryIdn = CN
2026-07-23 12:32:20 [WARN] void __cdecl ACCloudNetRequest::getCountries(void)
2026-07-23 12:32:20 [WARN] void __cdecl ACCloudNetRequest::getPrintCtrlCodeReasons(void)
2026-07-23 12:32:20 [WARN] ACCloudManager::ACCloudManager, cloud model, build_time = 2024-04-26 17:28:45, git_brance = feat/casdoor, git_hash = 6b20758, git_commit = 2024-04-26
2026-07-23 12:32:20 [INFO] [Install Plugin] "C:/Program Files/AnycubicPhotonWorkshop/plugins/facegen.dll"
2026-07-23 12:32:20 [INFO] Install Plugin Success!
2026-07-23 12:32:20 [WARN] Translation::changedSystemLanguage, language = 0
2026-07-23 12:32:20 [WARN] register  GizmoController
2026-07-23 12:32:20 [WARN] void __cdecl EventMiniHandlerCallback::event(const struct ReasonResponse *,unsigned int)
2026-07-23 12:32:20 [WARN] enableMenuShortcut menushort cut: 0
2026-07-23 12:32:20 [INFO] uiState:  false
2026-07-23 12:32:20 [WARN] enableMenuShortcut menushort cut: 0
2026-07-23 12:32:20 [WARN] QFSFileEngine::open: No file name specified
2026-07-23 12:32:20 [WARN] Cannot open file '', because: No file name specified
2026-07-23 12:32:20 [WARN] QFSFileEngine::open: No file name specified
2026-07-23 12:32:20 [WARN] Cannot open file '', because: No file name specified
2026-07-23 12:32:20 [WARN] QFSFileEngine::open: No file name specified
2026-07-23 12:32:20 [WARN] Cannot open file '', because: No file name specified
2026-07-23 12:32:21 [WARN] QFSFileEngine::open: No file name specified
2026-07-23 12:32:21 [WARN] Cannot open file '', because: No file name specified
2026-07-23 12:32:21 [WARN] QFSFileEngine::open: No file name specified
2026-07-23 12:32:21 [WARN] Cannot open file '', because: No file name specified
2026-07-23 12:32:21 [WARN] QFSFileEngine::open: No file name specified
2026-07-23 12:32:21 [WARN] Cannot open file '', because: No file name specified
2026-07-23 12:32:21 [WARN] QFSFileEngine::open: No file name specified
2026-07-23 12:32:21 [WARN] Cannot open file '', because: No file name specified
2026-07-23 12:32:21 [WARN] QFSFileEngine::open: No file name specified
2026-07-23 12:32:21 [WARN] Cannot open file '', because: No file name specified
2026-07-23 12:32:21 [WARN] xChanged 1
2026-07-23 12:32:21 [INFO] event:  "splash_window_visible" data:  QVariant(bool, false) extentionData:  QVariant(Invalid)
2026-07-23 12:32:21 [INFO] event:  "main_load" data:  QVariant(Invalid) extentionData:  QVariant(Invalid)
2026-07-23 12:32:21 [INFO] event:  "main_language_changed" data:  QVariant(int, 0) extentionData:  QVariant(Invalid)
2026-07-23 12:32:21 [WARN] void __cdecl PrintersDataModel::onReasonResponse(const struct ReasonResponse *,int)
count = 133
2026-07-23 12:32:21 [INFO] uiState:  true
2026-07-23 12:32:21 [WARN] creating renderer
2026-07-23 12:32:21 [WARN] printer valid --:  71.68 44.55
2026-07-23 12:32:21 [WARN] printer build --:  71.68 44.8
2026-07-23 12:32:21 [WARN] deltaX -- :  0
2026-07-23 12:32:21 [WARN] deltaY -- :  0.25
2026-07-23 12:32:21 [WARN] machine boarder width 1--------------------  0 0.25
2026-07-23 12:32:21 [WARN] create planar shadow node
2026-07-23 12:32:21 [WARN] loadGizmoRotationHead OK 576
2026-07-23 12:32:21 [INFO]  camera_manipulator::home
2026-07-23 12:32:21 [INFO]  camera_manipulator::home/ComputeBound
2026-07-23 12:32:21 [INFO]  camera_manipulator::home
2026-07-23 12:32:21 [INFO]  camera_manipulator::home/ComputeBound
2026-07-23 12:32:21 [INFO]  camera_manipulator::home/BoundingSphere
2026-07-23 12:32:21 [INFO]  camera_manipulator::home/udpate_view
2026-07-23 12:32:21 [WARN] GL Verison:  0x2059af6e4b8
2026-07-23 12:32:21 [WARN] GL Renderer:  0x2058f80adf8
2026-07-23 12:32:21 [WARN] compile shader program ok
2026-07-23 12:32:21 [WARN] compile shader program ok
2026-07-23 12:32:21 [WARN] compile shader program ok
2026-07-23 12:32:21 [WARN] AnyGizmos::Im3d_Init      LoadCompileShader Ok
2026-07-23 12:32:21 [WARN] AnyGizmos::Im3d_Init   VAO release Ok
2026-07-23 12:32:21 [WARN] QFSFileEngine::open: No file name specified
2026-07-23 12:32:21 [WARN] Cannot open file '', because: No file name specified
2026-07-23 12:32:21 [WARN] QFSFileEngine::open: No file name specified
2026-07-23 12:32:21 [WARN] Cannot open file '', because: No file name specified
2026-07-23 12:32:21 [INFO] event:  "updater_init_compeleted" data:  QVariant(Invalid) extentionData:  QVariant(Invalid)
2026-07-23 12:32:21 [WARN] QFSFileEngine::open: No file name specified
2026-07-23 12:32:21 [WARN] Cannot open file '', because: No file name specified
2026-07-23 12:32:21 [WARN] QFSFileEngine::open: No file name specified
2026-07-23 12:32:21 [WARN] Cannot open file '', because: No file name specified
2026-07-23 12:32:21 [WARN] void __cdecl ACCloudNetRequest::getCountries(void)
2026-07-23 12:32:21 [WARN] void __cdecl ACCloudNetRequest::getPrintCtrlCodeReasons(void)
2026-07-23 12:32:21 [INFO] event:  "accloud_start_init" data:  QVariant(int, 0) extentionData:  QVariant(int, 0)
2026-07-23 12:32:21 [INFO] parseImportFiles model files: S:\Spiele\Voxelhaven\Assets\Models\COmpagnion.obj
2026-07-23 12:32:21 [INFO] parseImportFiles model files: S:\Spiele\Voxelhaven\Assets\Models\COmpagnion.obj
2026-07-23 12:32:21 [WARN]  - 1 ImportFilesDialog, importModelFiles file = S:\Spiele\Voxelhaven\Assets\Models\COmpagnion.obj, modelQualityChecked = true
2026-07-23 12:32:21 [INFO] "start check autoUpdater!"
2026-07-23 12:32:21 [INFO] event:  "updater_check" data:  QVariant(Invalid) extentionData:  QVariant(Invalid)
2026-07-23 12:32:21 [WARN] -slot_closeGizmoWhenLoadModel
2026-07-23 12:32:21 [INFO] send post data success!
2026-07-23 12:32:21 [INFO] sendData:  "{\n    \"appName\": \"AnycubicPhotonWorkshop_V3.3.2\",\n    \"appVersion\": \"v3.3.2\",\n    \"business\": \"\",\n    \"city\": \"0\",\n    \"country\": \"\xE5\xBE\xB7\xE5\x9B\xBD\",\n    \"elementContent\": \"\",\n    \"elementType\": \"\",\n    \"eventName\": \"AppStart\",\n    \"function\": \"\",\n    \"isOverseasVersion\": true,\n    \"module\": \"\",\n    \"pcId\": \"8835b64f2d7650217b75e69c3a434cf1\",\n    \"printerType\": \"\",\n    \"province\": \"Niedersachsen\",\n    \"timestamp\": 1784802741,\n    \"title\": \"\",\n    \"userId\": 0\n}\n"
2026-07-23 12:32:21 [WARN] QFSFileEngine::open: No file name specified
2026-07-23 12:32:21 [WARN] Cannot open file '', because: No file name specified
2026-07-23 12:32:21 [WARN] QFSFileEngine::open: No file name specified
2026-07-23 12:32:21 [WARN] Cannot open file '', because: No file name specified
2026-07-23 12:32:21 [WARN] QFSFileEngine::open: No file name specified
2026-07-23 12:32:21 [WARN] Cannot open file '', because: No file name specified
2026-07-23 12:32:21 [WARN] QFSFileEngine::open: No file name specified
2026-07-23 12:32:21 [WARN] Cannot open file '', because: No file name specified
2026-07-23 12:32:21 [WARN] QFSFileEngine::open: No file name specified
2026-07-23 12:32:21 [WARN] Cannot open file '', because: No file name specified
2026-07-23 12:32:21 [WARN] QFSFileEngine::open: No file name specified
2026-07-23 12:32:21 [WARN] Cannot open file '', because: No file name specified
2026-07-23 12:32:21 [WARN] QFSFileEngine::open: No file name specified
2026-07-23 12:32:21 [WARN] Cannot open file '', because: No file name specified
2026-07-23 12:32:21 [WARN] QFSFileEngine::open: No file name specified
2026-07-23 12:32:21 [WARN] Cannot open file '', because: No file name specified
2026-07-23 12:32:21 [WARN] QFSFileEngine::open: No file name specified
2026-07-23 12:32:21 [WARN] Cannot open file '', because: No file name specified
2026-07-23 12:32:21 [WARN] QFSFileEngine::open: No file name specified
2026-07-23 12:32:21 [WARN] Cannot open file '', because: No file name specified
2026-07-23 12:32:21 [WARN] QFSFileEngine::open: No file name specified
2026-07-23 12:32:21 [WARN] Cannot open file '', because: No file name specified
2026-07-23 12:32:21 [WARN] QFSFileEngine::open: No file name specified
2026-07-23 12:32:21 [WARN] Cannot open file '', because: No file name specified
2026-07-23 12:32:21 [WARN] QFSFileEngine::open: No file name specified
2026-07-23 12:32:21 [WARN] Cannot open file '', because: No file name specified
2026-07-23 12:32:21 [WARN] QFSFileEngine::open: No file name specified
2026-07-23 12:32:21 [WARN] Cannot open file '', because: No file name specified
2026-07-23 12:32:21 [WARN] QFSFileEngine::open: No file name specified
2026-07-23 12:32:21 [WARN] Cannot open file '', because: No file name specified
2026-07-23 12:32:21 [WARN] QFSFileEngine::open: No file name specified
2026-07-23 12:32:21 [WARN] Cannot open file '', because: No file name specified
2026-07-23 12:32:21 [WARN] QFSFileEngine::open: No file name specified
2026-07-23 12:32:21 [WARN] Cannot open file '', because: No file name specified
2026-07-23 12:32:21 [WARN] QFSFileEngine::open: No file name specified
2026-07-23 12:32:21 [WARN] Cannot open file '', because: No file name specified
2026-07-23 12:32:21 [WARN] QFSFileEngine::open: No file name specified
2026-07-23 12:32:21 [WARN] Cannot open file '', because: No file name specified
2026-07-23 12:32:21 [WARN] QFSFileEngine::open: No file name specified
2026-07-23 12:32:21 [WARN] Cannot open file '', because: No file name specified
2026-07-23 12:32:21 [WARN] QFSFileEngine::open: No file name specified
2026-07-23 12:32:21 [WARN] Cannot open file '', because: No file name specified
2026-07-23 12:32:21 [WARN] QFSFileEngine::open: No file name specified
2026-07-23 12:32:21 [WARN] Cannot open file '', because: No file name specified
2026-07-23 12:32:21 [WARN] QFSFileEngine::open: No file name specified
2026-07-23 12:32:21 [WARN] Cannot open file '', because: No file name specified
2026-07-23 12:32:22 [WARN] QFSFileEngine::open: No file name specified
2026-07-23 12:32:22 [WARN] Cannot open file '', because: No file name specified
2026-07-23 12:32:22 [WARN] QFSFileEngine::open: No file name specified
2026-07-23 12:32:22 [WARN] Cannot open file '', because: No file name specified
2026-07-23 12:32:22 [WARN] QFSFileEngine::open: No file name specified
2026-07-23 12:32:22 [WARN] Cannot open file '', because: No file name specified
2026-07-23 12:32:22 [INFO] uiState:  false
2026-07-23 12:32:22 [WARN] enableMenuShortcut menushort cut: 8
2026-07-23 12:32:22 [INFO] uiState:  true
2026-07-23 12:32:22 [WARN] enableMenuShortcut menushort cut: 0
2026-07-23 12:32:22 [WARN] void __cdecl EventMiniHandlerCallback::event(const struct ReasonResponse *,unsigned int)
2026-07-23 12:32:22 [INFO] "doReportImportModelResult!"
2026-07-23 12:32:22 [INFO] event:  "ga_report" data:  QVariant(QByteArray, "{\n    \"business\": \"model_prepare\",\n    \"elementContent\": \"Import Files\",\n    \"elementType\": \"BUTTON\",\n    \"event\": \"ImportModelResult\",\n    \"function\": \"import_model\",\n    \"module\": \"menu_bar\",\n    \"printerType\": \"LCD\",\n    \"title\": \"\"\n}\n") extentionData:  QVariant(QByteArray, "{\n    \"importType\": \"4\",\n    \"modelInformation\": [\n        {\n            \"fileName\": \"COmpagnion\",\n            \"fileSize\": 364813,\n            \"fileType\": \"obj\",\n            \"isSuccess\": 0\n        }\n    ],\n    \"numberOfModel\": 1\n}\n")
2026-07-23 12:32:22 [WARN] gizmo emit sceneModelChanged
2026-07-23 12:32:22 [WARN] ctrl_select IS_PROPERTY_SELECTED1  true 1
2026-07-23 12:32:22 [INFO] uiState:  false
2026-07-23 12:32:22 [WARN] enableMenuShortcut menushort cut: 8
2026-07-23 12:32:22 [INFO] uiState:  true
2026-07-23 12:32:22 [WARN] enableMenuShortcut menushort cut: 0
2026-07-23 12:32:22 [INFO] uiState:  false
2026-07-23 12:32:22 [WARN] enableMenuShortcut menushort cut: 8
2026-07-23 12:32:22 [INFO] uiState:  true
2026-07-23 12:32:22 [WARN] enableMenuShortcut menushort cut: 0
2026-07-23 12:32:22 [INFO] "doReadMachineLcd setMachine Anycubic Photon Mono 2"
2026-07-23 12:32:22 [WARN] void __cdecl PrintersDataModel::onReasonResponse(const struct ReasonResponse *,int)
count = 133
2026-07-23 12:32:22 [INFO] sendData:  "{\n    \"appName\": \"AnycubicPhotonWorkshop_V3.3.2\",\n    \"appVersion\": \"v3.3.2\",\n    \"business\": \"\",\n    \"city\": \"0\",\n    \"country\": \"\xE5\xBE\xB7\xE5\x9B\xBD\",\n    \"elementContent\": \"\",\n    \"elementType\": \"\",\n    \"eventName\": \"ImportModelResult\",\n    \"function\": \"\",\n    \"isOverseasVersion\": true,\n    \"module\": \"\",\n    \"pcId\": \"8835b64f2d7650217b75e69c3a434cf1\",\n    \"printerType\": \"\",\n    \"province\": \"Niedersachsen\",\n    \"timestamp\": 1784802742,\n    \"title\": \"\",\n    \"userId\": 0\n}\n"
2026-07-23 12:32:22 [INFO] get_model_height() osg_model_group
2026-07-23 12:32:22 [INFO] send post data success!
2026-07-23 12:32:22 [INFO] send post data success!
2026-07-23 12:32:23 [INFO] scene modifyed:  true
2026-07-23 12:32:23 [WARN] QFSFileEngine::open: No file name specified
2026-07-23 12:32:23 [WARN] Cannot open file '', because: No file name specified
2026-07-23 12:32:23 [INFO] uiState:  false
2026-07-23 12:32:24 [INFO] uiState:  true
2026-07-23 12:32:24 [INFO] save support file is success!
2026-07-23 12:32:25 [INFO] AnycubicPhotonWorkshop end!
2026-07-23 12:32:25 [WARN] QThreadStorage: Thread 0x2058f826420 exited after QThreadStorage 7 destroyed
2026-08-12 18:44:29 [INFO] AnycubicPhotonWorkshop start!
2026-08-12 18:44:29 [INFO] argc:  2
2026-08-12 18:44:29 [WARN] "C:/Program Files/AnycubicPhotonWorkshop"
2026-08-12 18:44:29 [WARN] Successfully init crashpad
2026-08-12 18:44:29 [WARN] Unable to enumerate family ' "Alibaba PuHuiTi 3.0 55 Regular L3" '
2026-08-12 18:44:29 [WARN] Unable to enumerate family ' "Alibaba PuHuiTi 3.0 95 ExtraBold" '
2026-08-12 18:44:29 [INFO] ctk manager plugins:  "C:/Program Files/AnycubicPhotonWorkshop/plugins/"
2026-08-12 18:44:30 [INFO] Load plugin org.commontk.eventadmin success.
2026-08-12 18:44:30 [INFO] [Install Plugin] "C:/Program Files/AnycubicPhotonWorkshop/plugins/splashwindow.dll"
2026-08-12 18:44:30 [INFO] Install Plugin Success!
2026-08-12 18:44:30 [WARN] Unable to enumerate family ' "Alibaba PuHuiTi 3.0 55 Regular L3" '
2026-08-12 18:44:30 [WARN] Unable to enumerate family ' "Alibaba PuHuiTi 3.0 95 ExtraBold" '
2026-08-12 18:44:30 [INFO] [Install Plugin] "C:/Program Files/AnycubicPhotonWorkshop/plugins/printer.dll"
2026-08-12 18:44:30 [INFO] Install Plugin Success!
2026-08-12 18:44:31 [FATAL] readDataFromFile (C:/Program Files/AnycubicPhotonWorkshop/machine_type/Anycubic Photon Mono M7.pwsp) is error.
2026-08-12 18:44:31 [FATAL] loadFactoryMachine factory market Anycubic Photon Mono M7 msg retcode -1, msg retmsg: 
2026-08-12 18:44:31 [WARN] loadMachineResin currentPrinter(Anycubic Photon Mono 2) init success.
2026-08-12 18:44:31 [INFO] loadMachineParamRange is success.
2026-08-12 18:44:31 [INFO] loadMachineResinType is success.
2026-08-12 18:44:31 [INFO] loadMachineResinName is success.
2026-08-12 18:44:31 [INFO] [Install Plugin] "C:/Program Files/AnycubicPhotonWorkshop/plugins/mainwindow.dll"
2026-08-12 18:44:31 [INFO] Install Plugin Success!
2026-08-12 18:44:31 [INFO] "current server is testserver. 0"
2026-08-12 18:44:31 [INFO] QVariant(QByteArray, "mqtt.anycubic.com")
2026-08-12 18:44:31 [INFO] QVariant(QByteArray, "mqtt-universe.anycubic.com")
2026-08-12 18:44:31 [INFO] QVariant(QByteArray, "8883")
2026-08-12 18:44:31 [INFO] QVariant(QByteArray, "8883")
2026-08-12 18:44:31 [INFO] "environment_url is https://workbentch.s3.us-east-2.amazonaws.com/workshop/environment.ini"
2026-08-12 18:44:31 [INFO] QmlFactory 0.106 s
2026-08-12 18:44:31 [INFO] [Install Plugin] "C:/Program Files/AnycubicPhotonWorkshop/plugins/autoupdater.dll"
2026-08-12 18:44:31 [INFO] Install Plugin Success!
2026-08-12 18:44:31 [INFO] [Install Plugin] "C:/Program Files/AnycubicPhotonWorkshop/plugins/gareport.dll"
2026-08-12 18:44:31 [INFO] Install Plugin Success!
2026-08-12 18:44:31 [INFO] [Install Plugin] "C:/Program Files/AnycubicPhotonWorkshop/plugins/accloud.dll"
2026-08-12 18:44:31 [INFO] Install Plugin Success!
2026-08-12 18:44:31 [WARN] void __cdecl ACCloudNetRequest::init(void), cn_server = mqtt.anycubic.com, cn_server_port = 8883, en_server = mqtt-universe.anycubic.com, en_server_port = 8883, url = https://cloud-universe.anycubic.com/p/p/workbench/api
2026-08-12 18:44:31 [WARN] CountriesDataModel::setCurrCountryIdn, newCurrCountryIdn = CN
2026-08-12 18:44:31 [WARN] void __cdecl ACCloudNetRequest::getCountries(void)
2026-08-12 18:44:31 [WARN] void __cdecl ACCloudNetRequest::getPrintCtrlCodeReasons(void)
2026-08-12 18:44:32 [WARN] ACCloudManager::ACCloudManager, cloud model, build_time = 2024-04-26 17:28:45, git_brance = feat/casdoor, git_hash = 6b20758, git_commit = 2024-04-26
2026-08-12 18:44:32 [INFO] [Install Plugin] "C:/Program Files/AnycubicPhotonWorkshop/plugins/facegen.dll"
2026-08-12 18:44:32 [INFO] Install Plugin Success!
2026-08-12 18:44:32 [WARN] Translation::changedSystemLanguage, language = 0
2026-08-12 18:44:32 [WARN] register  GizmoController
2026-08-12 18:44:32 [WARN] void __cdecl EventMiniHandlerCallback::event(const struct ReasonResponse *,unsigned int)
2026-08-12 18:44:33 [WARN] enableMenuShortcut menushort cut: 0
2026-08-12 18:44:33 [INFO] uiState:  false
2026-08-12 18:44:33 [WARN] enableMenuShortcut menushort cut: 0
2026-08-12 18:44:34 [WARN] QFSFileEngine::open: No file name specified
2026-08-12 18:44:34 [WARN] Cannot open file '', because: No file name specified
2026-08-12 18:44:34 [WARN] QFSFileEngine::open: No file name specified
2026-08-12 18:44:34 [WARN] Cannot open file '', because: No file name specified
2026-08-12 18:44:34 [WARN] QFSFileEngine::open: No file name specified
2026-08-12 18:44:34 [WARN] Cannot open file '', because: No file name specified
2026-08-12 18:44:34 [WARN] QFSFileEngine::open: No file name specified
2026-08-12 18:44:34 [WARN] Cannot open file '', because: No file name specified
2026-08-12 18:44:34 [WARN] QFSFileEngine::open: No file name specified
2026-08-12 18:44:34 [WARN] Cannot open file '', because: No file name specified
2026-08-12 18:44:34 [WARN] QFSFileEngine::open: No file name specified
2026-08-12 18:44:34 [WARN] Cannot open file '', because: No file name specified
2026-08-12 18:44:34 [WARN] QFSFileEngine::open: No file name specified
2026-08-12 18:44:34 [WARN] Cannot open file '', because: No file name specified
2026-08-12 18:44:34 [WARN] QFSFileEngine::open: No file name specified
2026-08-12 18:44:34 [WARN] Cannot open file '', because: No file name specified
2026-08-12 18:44:34 [WARN] xChanged 1
2026-08-12 18:44:34 [INFO] event:  "splash_window_visible" data:  QVariant(bool, false) extentionData:  QVariant(Invalid)
2026-08-12 18:44:34 [INFO] event:  "main_load" data:  QVariant(Invalid) extentionData:  QVariant(Invalid)
2026-08-12 18:44:34 [INFO] event:  "main_language_changed" data:  QVariant(int, 0) extentionData:  QVariant(Invalid)
2026-08-12 18:44:34 [WARN] void __cdecl PrintersDataModel::onReasonResponse(const struct ReasonResponse *,int)
count = 133
2026-08-12 18:44:34 [INFO] uiState:  true
2026-08-12 18:44:34 [WARN] creating renderer
2026-08-12 18:44:34 [WARN] printer valid --:  71.68 44.55
2026-08-12 18:44:34 [WARN] printer build --:  71.68 44.8
2026-08-12 18:44:34 [WARN] deltaX -- :  0
2026-08-12 18:44:34 [WARN] deltaY -- :  0.25
2026-08-12 18:44:34 [WARN] machine boarder width 1--------------------  0 0.25
2026-08-12 18:44:34 [WARN] create planar shadow node
2026-08-12 18:44:34 [WARN] loadGizmoRotationHead OK 576
2026-08-12 18:44:34 [INFO]  camera_manipulator::home
2026-08-12 18:44:34 [INFO]  camera_manipulator::home/ComputeBound
2026-08-12 18:44:34 [INFO]  camera_manipulator::home
2026-08-12 18:44:34 [INFO]  camera_manipulator::home/ComputeBound
2026-08-12 18:44:34 [INFO]  camera_manipulator::home/BoundingSphere
2026-08-12 18:44:34 [INFO]  camera_manipulator::home/udpate_view
2026-08-12 18:44:34 [WARN] GL Verison:  0x2c7e71554c8
2026-08-12 18:44:34 [WARN] GL Renderer:  0x2c7de0e6dd8
2026-08-12 18:44:34 [WARN] compile shader program ok
2026-08-12 18:44:34 [WARN] compile shader program ok
2026-08-12 18:44:34 [WARN] compile shader program ok
2026-08-12 18:44:34 [WARN] AnyGizmos::Im3d_Init      LoadCompileShader Ok
2026-08-12 18:44:34 [WARN] AnyGizmos::Im3d_Init   VAO release Ok
2026-08-12 18:44:34 [WARN] QFSFileEngine::open: No file name specified
2026-08-12 18:44:34 [WARN] Cannot open file '', because: No file name specified
2026-08-12 18:44:34 [WARN] QFSFileEngine::open: No file name specified
2026-08-12 18:44:34 [WARN] Cannot open file '', because: No file name specified
2026-08-12 18:44:34 [INFO] event:  "updater_init_compeleted" data:  QVariant(Invalid) extentionData:  QVariant(Invalid)
2026-08-12 18:44:35 [WARN] QFSFileEngine::open: No file name specified
2026-08-12 18:44:35 [WARN] Cannot open file '', because: No file name specified
2026-08-12 18:44:35 [WARN] QFSFileEngine::open: No file name specified
2026-08-12 18:44:35 [WARN] Cannot open file '', because: No file name specified
2026-08-12 18:44:35 [WARN] void __cdecl ACCloudNetRequest::getCountries(void)
2026-08-12 18:44:35 [WARN] void __cdecl ACCloudNetRequest::getPrintCtrlCodeReasons(void)
2026-08-12 18:44:35 [INFO] event:  "accloud_start_init" data:  QVariant(int, 0) extentionData:  QVariant(int, 0)
2026-08-12 18:44:35 [INFO] send post data success!
2026-08-12 18:44:35 [INFO] parseImportFiles model files: S:\Spiele\Voxelhaven\Assets\Models\VFX_Slash.obj
2026-08-12 18:44:35 [INFO] parseImportFiles model files: S:\Spiele\Voxelhaven\Assets\Models\VFX_Slash.obj
2026-08-12 18:44:35 [WARN]  - 1 ImportFilesDialog, importModelFiles file = S:\Spiele\Voxelhaven\Assets\Models\VFX_Slash.obj, modelQualityChecked = true
2026-08-12 18:44:35 [INFO] "start check autoUpdater!"
2026-08-12 18:44:35 [WARN] -slot_closeGizmoWhenLoadModel
2026-08-12 18:44:35 [INFO] event:  "updater_check" data:  QVariant(Invalid) extentionData:  QVariant(Invalid)
2026-08-12 18:44:35 [INFO] sendData:  "{\n    \"appName\": \"AnycubicPhotonWorkshop_V3.3.2\",\n    \"appVersion\": \"v3.3.2\",\n    \"business\": \"\",\n    \"city\": \"0\",\n    \"country\": \"\xE5\xBE\xB7\xE5\x9B\xBD\",\n    \"elementContent\": \"\",\n    \"elementType\": \"\",\n    \"eventName\": \"AppStart\",\n    \"function\": \"\",\n    \"isOverseasVersion\": true,\n    \"module\": \"\",\n    \"pcId\": \"8835b64f2d7650217b75e69c3a434cf1\",\n    \"printerType\": \"\",\n    \"province\": \"0\",\n    \"timestamp\": 1786553075,\n    \"title\": \"\",\n    \"userId\": 0\n}\n"
2026-08-12 18:44:35 [WARN] QFSFileEngine::open: No file name specified
2026-08-12 18:44:35 [WARN] Cannot open file '', because: No file name specified
2026-08-12 18:44:35 [WARN] QFSFileEngine::open: No file name specified
2026-08-12 18:44:35 [WARN] Cannot open file '', because: No file name specified
2026-08-12 18:44:35 [WARN] QFSFileEngine::open: No file name specified
2026-08-12 18:44:35 [WARN] Cannot open file '', because: No file name specified
2026-08-12 18:44:35 [WARN] void __cdecl EventMiniHandlerCallback::event(const struct ReasonResponse *,unsigned int)
2026-08-12 18:44:35 [WARN] QFSFileEngine::open: No file name specified
2026-08-12 18:44:35 [WARN] Cannot open file '', because: No file name specified
2026-08-12 18:44:35 [WARN] QFSFileEngine::open: No file name specified
2026-08-12 18:44:35 [WARN] Cannot open file '', because: No file name specified
2026-08-12 18:44:35 [WARN] QFSFileEngine::open: No file name specified
2026-08-12 18:44:35 [WARN] Cannot open file '', because: No file name specified
2026-08-12 18:44:35 [WARN] QFSFileEngine::open: No file name specified
2026-08-12 18:44:35 [WARN] Cannot open file '', because: No file name specified
2026-08-12 18:44:35 [WARN] QFSFileEngine::open: No file name specified
2026-08-12 18:44:35 [WARN] Cannot open file '', because: No file name specified
2026-08-12 18:44:35 [WARN] QFSFileEngine::open: No file name specified
2026-08-12 18:44:35 [WARN] Cannot open file '', because: No file name specified
2026-08-12 18:44:35 [WARN] QFSFileEngine::open: No file name specified
2026-08-12 18:44:35 [WARN] Cannot open file '', because: No file name specified
2026-08-12 18:44:35 [WARN] QFSFileEngine::open: No file name specified
2026-08-12 18:44:35 [WARN] Cannot open file '', because: No file name specified
2026-08-12 18:44:35 [WARN] QFSFileEngine::open: No file name specified
2026-08-12 18:44:35 [WARN] Cannot open file '', because: No file name specified
2026-08-12 18:44:35 [WARN] QFSFileEngine::open: No file name specified
2026-08-12 18:44:35 [WARN] Cannot open file '', because: No file name specified
2026-08-12 18:44:35 [WARN] QFSFileEngine::open: No file name specified
2026-08-12 18:44:35 [WARN] Cannot open file '', because: No file name specified
2026-08-12 18:44:35 [WARN] QFSFileEngine::open: No file name specified
2026-08-12 18:44:35 [WARN] Cannot open file '', because: No file name specified
2026-08-12 18:44:35 [WARN] QFSFileEngine::open: No file name specified
2026-08-12 18:44:35 [WARN] Cannot open file '', because: No file name specified
2026-08-12 18:44:35 [WARN] QFSFileEngine::open: No file name specified
2026-08-12 18:44:35 [WARN] Cannot open file '', because: No file name specified
2026-08-12 18:44:35 [WARN] QFSFileEngine::open: No file name specified
2026-08-12 18:44:35 [WARN] Cannot open file '', because: No file name specified
2026-08-12 18:44:35 [WARN] QFSFileEngine::open: No file name specified
2026-08-12 18:44:35 [WARN] Cannot open file '', because: No file name specified
2026-08-12 18:44:36 [WARN] QFSFileEngine::open: No file name specified
2026-08-12 18:44:36 [WARN] Cannot open file '', because: No file name specified
2026-08-12 18:44:36 [WARN] QFSFileEngine::open: No file name specified
2026-08-12 18:44:36 [WARN] Cannot open file '', because: No file name specified
2026-08-12 18:44:36 [WARN] QFSFileEngine::open: No file name specified
2026-08-12 18:44:36 [WARN] Cannot open file '', because: No file name specified
2026-08-12 18:44:36 [WARN] QFSFileEngine::open: No file name specified
2026-08-12 18:44:36 [WARN] Cannot open file '', because: No file name specified
2026-08-12 18:44:36 [WARN] QFSFileEngine::open: No file name specified
2026-08-12 18:44:36 [WARN] Cannot open file '', because: No file name specified
2026-08-12 18:44:36 [WARN] QFSFileEngine::open: No file name specified
2026-08-12 18:44:36 [WARN] Cannot open file '', because: No file name specified
2026-08-12 18:44:36 [WARN] QFSFileEngine::open: No file name specified
2026-08-12 18:44:36 [WARN] Cannot open file '', because: No file name specified
2026-08-12 18:44:36 [INFO] uiState:  false
2026-08-12 18:44:36 [WARN] enableMenuShortcut menushort cut: 8
2026-08-12 18:44:36 [INFO] uiState:  false
2026-08-12 18:44:36 [WARN] enableMenuShortcut menushort cut: 136
2026-08-12 18:44:36 [INFO] uiState:  false
2026-08-12 18:44:36 [WARN] enableMenuShortcut menushort cut: 128
2026-08-12 18:44:36 [INFO] "doReportImportModelResult!"
2026-08-12 18:44:36 [INFO] event:  "ga_report" data:  QVariant(QByteArray, "{\n    \"business\": \"model_prepare\",\n    \"elementContent\": \"Import Files\",\n    \"elementType\": \"BUTTON\",\n    \"event\": \"ImportModelResult\",\n    \"function\": \"import_model\",\n    \"module\": \"menu_bar\",\n    \"printerType\": \"LCD\",\n    \"title\": \"\"\n}\n") extentionData:  QVariant(QByteArray, "{\n    \"importType\": \"4\",\n    \"modelInformation\": [\n        {\n            \"fileName\": \"VFX_Slash\",\n            \"fileSize\": 17996,\n            \"fileType\": \"obj\",\n            \"isSuccess\": 0\n        }\n    ],\n    \"numberOfModel\": 1\n}\n")
2026-08-12 18:44:36 [WARN] void __cdecl PrintersDataModel::onReasonResponse(const struct ReasonResponse *,int)
count = 133
2026-08-12 18:44:36 [WARN] gizmo emit sceneModelChanged
2026-08-12 18:44:36 [WARN] ctrl_select IS_PROPERTY_SELECTED1  true 1
2026-08-12 18:44:36 [INFO] uiState:  false
2026-08-12 18:44:36 [WARN] enableMenuShortcut menushort cut: 136
2026-08-12 18:44:36 [INFO] uiState:  false
2026-08-12 18:44:36 [WARN] enableMenuShortcut menushort cut: 128
2026-08-12 18:44:36 [INFO] uiState:  false
2026-08-12 18:44:36 [WARN] enableMenuShortcut menushort cut: 136
2026-08-12 18:44:36 [INFO] uiState:  false
2026-08-12 18:44:36 [WARN] enableMenuShortcut menushort cut: 128
2026-08-12 18:44:36 [INFO] "doReadMachineLcd setMachine Anycubic Photon Mono 2"
2026-08-12 18:44:36 [INFO] sendData:  "{\n    \"appName\": \"AnycubicPhotonWorkshop_V3.3.2\",\n    \"appVersion\": \"v3.3.2\",\n    \"business\": \"\",\n    \"city\": \"0\",\n    \"country\": \"\xE5\xBE\xB7\xE5\x9B\xBD\",\n    \"elementContent\": \"\",\n    \"elementType\": \"\",\n    \"eventName\": \"ImportModelResult\",\n    \"function\": \"\",\n    \"isOverseasVersion\": true,\n    \"module\": \"\",\n    \"pcId\": \"8835b64f2d7650217b75e69c3a434cf1\",\n    \"printerType\": \"\",\n    \"province\": \"0\",\n    \"timestamp\": 1786553076,\n    \"title\": \"\",\n    \"userId\": 0\n}\n"
2026-08-12 18:44:36 [INFO] get_model_height() osg_model_group
2026-08-12 18:44:36 [INFO] send post data success!
2026-08-12 18:44:37 [INFO] send post data success!
2026-08-12 18:44:38 [INFO] scene modifyed:  true
2026-08-12 18:44:38 [WARN] QFSFileEngine::open: No file name specified
2026-08-12 18:44:38 [WARN] Cannot open file '', because: No file name specified
2026-08-12 18:44:38 [INFO] uiState:  false
2026-08-12 18:44:39 [INFO] uiState:  false
2026-08-12 18:44:39 [INFO] save support file is success!
2026-08-12 18:44:41 [INFO] AnycubicPhotonWorkshop end!
2026-08-12 18:44:41 [WARN] QThreadStorage: Thread 0x2c7dbb6cc90 exited after QThreadStorage 7 destroyed
